13
2 3
3 1
5 2
6 5
7 4
9 9
10 10
13 9
14 10
15 5
16 5
19 6
20 4
