5
374406059 367426593
589705003 685141068
631020384 756249961
698121309 696078366
915498654 171613360
