8
18042131 284938230
53310789 493751573
55058856 976862030
136293693 129237183
235251339 732251444
526470566 180141501
657195207 273051773
931368379 884999006
