4
35704758 989592817
480971831 713430567
567409403 696197149
613085206 165704716
