4
269848655 495546675
308586319 7398400
700868863 549619963
894070271 517339418
