9
70939691 928949490
305062969 840898160
405618965 521153118
554005938 487460915
696310048 879557474
776821429 244902542
820056024 45323991
929450483 476023583
972785771 466138156
